Archive member included because of file (symbol)

lib_generic/libgeneric.a(string.o)
                              cpu/arm_cortexm3/start.o (memset)
cpu/arm_cortexm3/libarm_cortexm3.a(cpu.o)
                              cpu/arm_cortexm3/start.o (cortex_m3_irq_vec_get)
cpu/arm_cortexm3/libarm_cortexm3.a(cmd_cptf.o)
                              (__u_boot_cmd_cptf)
cpu/arm_cortexm3/libarm_cortexm3.a(timer.o)
                              cpu/arm_cortexm3/libarm_cortexm3.a(cpu.o) (timer_init)
cpu/arm_cortexm3/m2s/libm2s.a(clock.o)
                              cpu/arm_cortexm3/libarm_cortexm3.a(cpu.o) (clock_init)
cpu/arm_cortexm3/m2s/libm2s.a(envm.o)
                              cpu/arm_cortexm3/libarm_cortexm3.a(cpu.o) (envm_init)
cpu/arm_cortexm3/m2s/libm2s.a(soc.o)
                              cpu/arm_cortexm3/libarm_cortexm3.a(cpu.o) (cortex_m3_soc_init)
lib_arm/libarm.a(board.o)     cpu/arm_cortexm3/start.o (start_armboot)
lib_arm/libarm.a(interrupts.o)
                              lib_arm/libarm.a(board.o) (enable_interrupts)
net/libnet.a(eth.o)           lib_arm/libarm.a(board.o) (eth_initialize)
net/libnet.a(net.o)           lib_arm/libarm.a(board.o) (copy_filename)
net/libnet.a(rarp.o)          net/libnet.a(net.o) (RarpRequest)
net/libnet.a(tftp.o)          net/libnet.a(net.o) (TftpStart)
net/libnet.a(bootp.o)         net/libnet.a(net.o) (BootpRequest)
drivers/serial/libserial.a(serial.o)
                              lib_arm/libarm.a(board.o) (serial_init)
drivers/serial/libserial.a(ns16550.o)
                              drivers/serial/libserial.a(serial.o) (NS16550_init)
common/libcommon.a(cmd_bdinfo.o)
                              (__u_boot_cmd_bdinfo)
common/libcommon.a(cmd_boot.o)
                              (__u_boot_cmd_go)
common/libcommon.a(cmd_bootm.o)
                              lib_arm/libarm.a(board.o) (load_addr)
common/libcommon.a(cmd_help.o)
                              (__u_boot_cmd_help)
common/libcommon.a(cmd_isp.o)
                              cpu/arm_cortexm3/start.o (exec_ComBlk_IRQHandler)
common/libcommon.a(cmd_load.o)
                              (__u_boot_cmd_loads)
common/libcommon.a(cmd_mem.o)
                              (__u_boot_cmd_md)
common/libcommon.a(cmd_net.o)
                              (__u_boot_cmd_bootp)
common/libcommon.a(cmd_nvedit.o)
                              net/libnet.a(eth.o) (get_env_id)
common/libcommon.a(cmd_sf.o)  (__u_boot_cmd_sf)
common/libcommon.a(cmd_version.o)
                              (__u_boot_cmd_version)
common/libcommon.a(command.o)
                              common/libcommon.a(cmd_mem.o) (cmd_get_data_size)
common/libcommon.a(console.o)
                              cpu/arm_cortexm3/start.o (printf)
common/libcommon.a(dlmalloc.o)
                              lib_generic/libgeneric.a(string.o) (malloc)
common/libcommon.a(env_common.o)
                              common/libcommon.a(cmd_nvedit.o) (env_get_addr)
common/libcommon.a(env_sf.o)  common/libcommon.a(env_common.o) (env_get_char_spec)
common/libcommon.a(exports.o)
                              lib_arm/libarm.a(board.o) (jumptable_init)
common/libcommon.a(image.o)   common/libcommon.a(cmd_bootm.o) (genimg_get_os_name)
common/libcommon.a(main.o)    common/libcommon.a(cmd_isp.o) (run_command)
common/libcommon.a(miiphyutil.o)
                              net/libnet.a(eth.o) (miiphy_init)
common/libcommon.a(s_record.o)
                              common/libcommon.a(cmd_load.o) (srec_decode)
common/libcommon.a(stdio.o)   common/libcommon.a(console.o) (stdio_get_list)
common/libcommon.a(xyzModem.o)
                              common/libcommon.a(cmd_load.o) (xyzModem_error)
board/emcraft/m2s-fg484-som/libm2s-fg484-som.a(board.o)
                              lib_arm/libarm.a(board.o) (dram_init)
lib_generic/libgeneric.a(crc16.o)
                              common/libcommon.a(xyzModem.o) (cyg_crc16)
lib_generic/libgeneric.a(crc32.o)
                              common/libcommon.a(cmd_mem.o) (crc32)
lib_generic/libgeneric.a(display_options.o)
                              lib_arm/libarm.a(board.o) (print_size)
lib_generic/libgeneric.a(gunzip.o)
                              common/libcommon.a(cmd_bootm.o) (gunzip)
lib_generic/libgeneric.a(net_utils.o)
                              lib_arm/libarm.a(board.o) (string_to_ip)
lib_generic/libgeneric.a(time.o)
                              common/libcommon.a(cmd_isp.o) (udelay)
lib_generic/libgeneric.a(vsprintf.o)
                              cpu/arm_cortexm3/libarm_cortexm3.a(cmd_cptf.o) (simple_strtoul)
lib_generic/libgeneric.a(zlib.o)
                              lib_generic/libgeneric.a(gunzip.o) (inflateInit2_)
lib_generic/libgeneric.a(ctype.o)
                              lib_generic/libgeneric.a(display_options.o) (_ctype)
lib_generic/libgeneric.a(div64.o)
                              lib_generic/libgeneric.a(vsprintf.o) (__div64_32)
cpu/arm_cortexm3/m2s/libm2s.a(cpu.o)
[...]
Memory Configuration

Name             Origin             Length             Attributes
NVM              0x00000000         0x00040000         r
RAM              0x20000000         0x00004000         rw
RAM_BUF          0x20004000         0x00006000         r
MALLOC           0x2000a000         0x00005000         r
STACK            0x2000f000         0x00001000         r
*default*        0x00000000         0xffffffff

Linker script and memory map


.vectors        0x00000000      0x298
 *(.vectors)
 .vectors       0x00000000      0x298 cpu/arm_cortexm3/start.o
                0x00000000                vectors

.kinetis_flash_conf
 *(.kinetis_flash_conf)

.lpc18xx_image_top
 *(.lpc18xx_image_top_text)
 *(.lpc18xx_image_top_data)

.text           0x00000298    0x16274
 *(.text)
 .text          0x00000298      0x124 cpu/arm_cortexm3/start.o
                0x000002a0                default_isr
                0x00000374                _start
 .text          0x000003bc      0x7e0 lib_generic/libgeneric.a(string.o)
                0x000003bc                strcpy
                0x000003cc                strncpy
                0x00000404                strcat
                0x0000042c                strncat
                0x000004a4                strcmp
                0x000004c4                strncmp
                0x0000053c                strchr
                0x0000055c                strrchr
                0x000005b0                strlen
                0x000005c8                strnlen
                0x00000608                strspn
                0x00000648                strpbrk
                0x00000680                strtok
                0x0000072c                strsep
                0x00000780                strswab
                0x000007b4                memset
                0x00000848                bcopy
                0x00000890                memcpy
                0x0000092c                memmove
                0x000009d0                memcmp
                0x00000a40                memscan
                0x00000a80                strstr
                0x00000b38                memchr
                0x00000b68                strdup
 .text          0x00000b9c       0x84 cpu/arm_cortexm3/libarm_cortexm3.a(cpu.o)
                0x00000b9c                cleanup_before_linux
                0x00000ba0                cortex_m3_irq_vec_get
                0x00000bb0                cortex_m3_mpu_add_region
                0x00000bc0                cortex_m3_mpu_enable
                0x00000bd4                cortex_m3_mpu_full_access
                0x00000bf4                arch_cpu_init
 .text          0x00000c20       0xac cpu/arm_cortexm3/libarm_cortexm3.a(cmd_cptf.o)
                0x00000c20                do_cptf
 .text          0x00000ccc      0x104 cpu/arm_cortexm3/libarm_cortexm3.a(timer.o)
                0x00000ccc                timer_init
                0x00000cfc                reset_timer
                0x00000d18                get_tbclk
                0x00000d20                __udelay
                0x00000d70                get_timer
 .text          0x00000dd0      0x188 cpu/arm_cortexm3/m2s/libm2s.a(clock.o)
                0x00000dd0                clock_init
                0x00000f38                clock_get
                0x00000f4c                clock_update
 .text          0x00000f58        0x4 cpu/arm_cortexm3/m2s/libm2s.a(envm.o)
                0x00000f58                envm_init
 .text          0x00000f5c       0x20 cpu/arm_cortexm3/m2s/libm2s.a(soc.o)
                0x00000f5c                cortex_m3_soc_init
 .text          0x00000f7c      0x1a0 lib_arm/libarm.a(board.o)
                0x00000f7c                coloured_LED_init
                0x00000f7c                __coloured_LED_init
                0x00000f80                red_LED_on
                0x00000f80                __red_LED_on
                0x00000f84                __red_LED_off
                0x00000f84                red_LED_off
                0x00000f88                green_LED_on
                0x00000f88                __green_LED_on
                0x00000f8c                __green_LED_off
                0x00000f8c                green_LED_off
                0x00000f90                __yellow_LED_on
                0x00000f90                yellow_LED_on
                0x00000f94                __yellow_LED_off
                0x00000f94                yellow_LED_off
                0x00000f98                blue_LED_on
                0x00000f98                __blue_LED_on
                0x00000f9c                blue_LED_off
                0x00000f9c                __blue_LED_off
                0x00000fa0                hang
                0x00001024                start_armboot
 .text          0x0000111c      0x1c8 lib_arm/libarm.a(interrupts.o)
                0x0000111c                enable_interrupts
                0x00001120                disable_interrupts
                0x00001124                show_regs
                0x00001208                bad_mode
                0x00001220                do_irq
                0x0000123c                do_fiq
                0x00001258                do_not_used
                0x00001274                do_data_abort
                0x00001290                do_prefetch_abort
                0x000012ac                do_software_interrupt
                0x000012c8                do_undefined_instruction
 .text          0x000012e4      0x5c0 net/libnet.a(eth.o)
                0x000012e4                cpu_eth_init
                0x000012ec                eth_get_dev
                0x000012f8                eth_get_dev_by_index
                0x00001340                eth_get_dev_index
                0x00001374                eth_halt
                0x00001390                eth_send
                0x000013b0                eth_rx
                0x000013cc                eth_get_name
                0x000013e4                eth_get_dev_by_name
                0x0000140c                eth_set_current
                0x0000146c                eth_try_another
                0x000014d8                eth_register
                0x00001520                eth_setenv_enetaddr
                0x00001544                eth_parse_enetaddr
                0x00001620                eth_getenv_enetaddr
                0x0000165c                eth_getenv_enetaddr_by_index
                0x0000168c                eth_init
                0x00001714                eth_initialize
 .text          0x000018a4      0xf90 net/libnet.a(net.o)
                0x000018b4                NetSetHandler
                0x000018c0                NetCksumOk
                0x00001928                NetCksum
                0x0000197c                copy_filename
                0x000019ec                string_to_VLAN
                0x00001a14                getenv_VLAN
                0x00001a20                NetEthHdrSize
                0x00001a4c                VLAN_to_string
                0x00001a84                ip_to_string
                0x00001ac8                NetSetEther
                0x00001b40                NetSendPacket
                0x00001b44                ArpRequest
                0x00001bfc                NetSetTimeout
                0x00001c30                NetStartAgain
                0x00001ce4                ArpTimeoutCheck
                0x00001d54                NetSetIP
                0x00001e48                NetSendUDPPacket
                0x00001f34                PingSend
                0x00002070                NetLoop
                0x00002374                NetReceive
 .text          0x00002834      0x120 net/libnet.a(rarp.o)
                0x00002834                RarpRequest
 .text          0x00002954      0x674 net/libnet.a(tftp.o)
                0x00002a74                TftpStart
 .text          0x00002fc8      0x78c net/libnet.a(bootp.o)
                0x00003140                BootpRequest
                0x000032d4                DhcpRequest
 .text          0x00003754       0xfc drivers/serial/libserial.a(serial.o)
                0x00003770                _serial_setbrg
                0x00003790                serial_setbrg
                0x00003794                _serial_tstc
                0x000037a4                serial_tstc
                0x000037a8                _serial_getc
                0x000037c0                serial_getc
                0x000037c4                _serial_putc_raw
                0x000037d8                serial_putc_raw
                0x000037dc                _serial_putc
                0x00003810                serial_putc
                0x00003814                _serial_puts
                0x00003830                serial_puts
                0x00003834                serial_init
 .text          0x00003850       0xa0 drivers/serial/libserial.a(ns16550.o)
                0x00003850                NS16550_init
                0x00003894                NS16550_reinit
                0x000038c8                NS16550_putc
                0x000038d8                NS16550_getc
                0x000038e8                NS16550_tstc
 .text          0x000038f0       0xac common/libcommon.a(cmd_bdinfo.o)
                0x000038f0                do_bdinfo
 .text          0x0000399c       0x5c common/libcommon.a(cmd_boot.o)
                0x0000399c                do_go_exec
                0x000039a8                do_go
 .text          0x000039f8      0x8a0 common/libcommon.a(cmd_bootm.o)
                0x000039f8                arch_preboot_os
                0x000039f8                __arch_preboot_os
                0x00003f8c                do_bootm_subcommand
                0x000040b8                do_bootm
 .text          0x00004298       0x40 common/libcommon.a(cmd_help.o)
                0x00004298                do_help
 .text          0x000042d8      0xfc0 common/libcommon.a(cmd_isp.o)
                0x000044b0                exec_start_isp
                0x000046f4                exec_ComBlk_IRQHandler
                0x00004bac                exec_clock_switch
                0x00004eb4                exec_comblk_get_serial_number
                0x00004f7c                exec_comblk_get_design_version
 .text          0x00005298      0xb8c common/libcommon.a(cmd_load.o)
                0x00005298                ktrans
                0x000052b8                chk1
                0x00005300                k_data_init
                0x00005314                k_data_save
                0x00005328                k_data_restore
                0x0000533c                k_data_char
                0x00005388                send_pad
                0x000053d8                s1_sendpacket
                0x000053f4                handle_send_packet
                0x000055b4                send_nack
                0x00005614                send_ack
                0x00005748                do_load_serial_bin
                0x00005d54                do_load_serial
 .text          0x00005e24      0x81c common/libcommon.a(cmd_mem.o)
                0x00005e24                do_mem_crc
                0x00005e98                do_mem_base
                0x00005ed0                do_mem_mtest
                0x00006084                do_mem_loop
                0x00006170                do_mem_cp
                0x0000623c                do_mem_cmp
                0x000063a4                do_mem_mw
                0x0000657c                do_mem_nm
                0x00006594                do_mem_mm
                0x000065ac                do_mem_md
 .text          0x00006640      0x2e4 common/libcommon.a(cmd_net.o)
                0x00006640                do_ping
                0x00006904                do_dhcp
                0x0000690c                do_rarpb
                0x00006914                do_tftpb
                0x0000691c                do_bootp
 .text          0x00006924      0x74c common/libcommon.a(cmd_nvedit.o)
                0x00006924                get_env_id
                0x00006930                envmatch
                0x00006970                getenv_r
                0x00006a38                do_saveenv
                0x00006a58                getenv
                0x00006ac0                _do_setenv
                0x00006e7c                do_setenv
                0x00006e98                setenv
                0x00006f8c                do_printenv
 .text          0x00007070      0x308 common/libcommon.a(cmd_sf.o)
 .text          0x00007378       0x18 common/libcommon.a(cmd_version.o)
                0x00007378                do_version
 .text          0x00007390      0x470 common/libcommon.a(command.o)
                0x00007390                cmd_get_data_size
                0x000073d4                cmd_usage
                0x000073ec                find_cmd_tbl
                0x000074f8                find_cmd
                0x00007520                _do_help
 .text          0x00007800      0x394 common/libcommon.a(console.o)
                0x00007858                fgetc
                0x00007874                ftstc
                0x00007890                fputc
                0x000078ac                fputs
                0x000078c8                disable_ctrlc
                0x000078d8                had_ctrlc
                0x000078e4                clear_ctrlc
                0x000078f0                dbg
                0x000078f8                console_init_f
                0x00007904                search_device
                0x00007920                console_assign
                0x00007948                fprintf
                0x00007974                puts
                0x00007988                vprintf
                0x000079a4                printf
                0x000079cc                stdio_print_current_devices
                0x00007a54                console_init_r
                0x00007b04                serial_printf
                0x00007b2c                putc
                0x00007b40                tstc
                0x00007b54                getc
                0x00007b68                ctrlc
 .text          0x00007b94      0xbf4 common/libcommon.a(dlmalloc.o)
                0x00007b94                sbrk
                0x00007bb4                malloc_trim
                0x00007c50                free
                0x00007de4                cfree
                0x00007de8                malloc
                0x00008290                memalign
                0x00008350                pvalloc
                0x00008364                valloc
                0x0000836c                malloc_usable_size
                0x0000839c                mallopt
                0x000083dc                calloc
                0x0000846c                mem_malloc_init
                0x00008488                realloc
 .text          0x00008788       0xf8 common/libcommon.a(env_common.o)
                0x00008788                env_get_char_memory
                0x000087a0                env_get_addr
                0x000087b8                env_get_char
                0x000087e8                env_crc_update
                0x00008804                set_default_env
                0x00008838                env_relocate
 .text          0x00008880       0xe8 common/libcommon.a(env_sf.o)
                0x00008880                env_get_char_spec
                0x00008888                env_init
                0x0000889c                saveenv
                0x00008904                env_relocate_spec
 .text          0x00008968      0x14c common/libcommon.a(exports.o)
                0x0000896c                get_version
                0x00008970                jumptable_init
 .text          0x00008ab4      0x808 common/libcommon.a(image.o)
                0x00008ab4                image_multi_count
                0x00008ac8                get_table_entry_name
                0x00008af0                genimg_get_os_name
                0x00008b18                genimg_get_arch_name
                0x00008b48                genimg_get_type_name
                0x00008b78                genimg_get_comp_name
                0x00008ba8                genimg_get_image
                0x00008bac                genimg_has_config
                0x00008bb0                get_table_entry_id
                0x00008be4                genimg_get_comp_id
                0x00008bf4                genimg_get_type_id
                0x00008c04                genimg_get_arch_id
                0x00008c14                genimg_get_os_id
                0x00008c24                genimg_get_format
                0x00008c50                image_multi_getimg
                0x00008d54                genimg_print_size
                0x00008d74                memmove_wd
                0x00008d78                getenv_bootm_low
                0x00008d9c                getenv_yesno
                0x00008db4                getenv_bootm_size
                0x00008dd4                image_check_hcrc
                0x00008e18                image_check_dcrc
                0x00008e64                image_print_contents
                0x000090e8                boot_get_ramdisk
 .text          0x000092bc      0x7fc common/libcommon.a(main.o)
                0x000092bc                __show_boot_progress
                0x000092bc                show_boot_progress
                0x000092c0                parse_line
                0x00009364                run_command
                0x0000965c                do_run
                0x0000982c                readline_into_buffer
                0x00009968                readline
                0x00009978                main_loop
 .text          0x00009ab8      0x454 common/libcommon.a(miiphyutil.o)
                0x00009ab8                miiphy_init
                0x00009ac8                miiphy_get_current_dev
                0x00009ad8                miiphy_is_1000base_x
                0x00009adc                miiphy_listdev
                0x00009b28                miiphy_write
                0x00009b8c                miiphy_read
                0x00009bf0                miiphy_link
                0x00009c2c                miiphy_duplex
                0x00009c98                miiphy_speed
                0x00009d04                miiphy_reset
                0x00009dd4                miiphy_info
                0x00009e38                miiphy_set_current_dev
                0x00009e70                miiphy_register
 .text          0x00009f0c      0x1fc common/libcommon.a(s_record.o)
                0x00009f90                srec_decode
 .text          0x0000a108      0x100 common/libcommon.a(stdio.o)
                0x0000a108                stdio_get_list
                0x0000a110                stdio_clone
                0x0000a144                stdio_register
                0x0000a170                stdio_init
                0x0000a1d4                stdio_get_by_name
 .text          0x0000a208      0x9b8 common/libcommon.a(xyzModem.o)
                0x0000a208                parse_num
                0x0000a310                xyzModem_error
                0x0000a328                xyzModem_stream_close
                0x0000a36c                CYGACC_COMM_IF_PUTC
                0x0000a374                CYGACC_COMM_IF_GETC_TIMEOUT
                0x0000a3b8                xyzModem_stream_terminate
                0x0000a6e4                xyzModem_stream_read
                0x0000aa18                xyzModem_stream_open
 .text          0x0000abc0      0x2b8 board/emcraft/m2s-fg484-som/libm2s-fg484-som.a(board.o)
                0x0000abc0                dram_init
                0x0000ad54                misc_init_r
                0x0000ad58                board_do_spi_flash_probe
                0x0000ad5c                board_eth_init
                0x0000ad60                checkboard
                0x0000ad78                board_init
 .text          0x0000ae78       0x70 lib_generic/libgeneric.a(crc16.o)
                0x0000ae78                cyg_crc16
 .text          0x0000aee8      0x238 lib_generic/libgeneric.a(crc32.o)
                0x0000aee8                crc32_no_comp
                0x0000b110                crc32
                0x0000b11c                crc32_wd
 .text          0x0000b120      0x350 lib_generic/libgeneric.a(display_options.o)
                0x0000b120                print_size
                0x0000b1a0                display_options
                0x0000b1b8                print_buffer
 .text          0x0000b470      0x160 lib_generic/libgeneric.a(gunzip.o)
                0x0000b470                zunzip
                0x0000b52c                gunzip
                0x0000b5b8                zfree
                0x0000b5c0                zalloc
 .text          0x0000b5d0       0x9c lib_generic/libgeneric.a(net_utils.o)
                0x0000b5d0                string_to_ip
 .text          0x0000b66c       0x20 lib_generic/libgeneric.a(time.o)
                0x0000b66c                udelay
 *fill*         0x0000b68c        0x4 00
 .text          0x0000b690     0x11d8 lib_generic/libgeneric.a(vsprintf.o)
                0x0000b690                simple_strtoul
                0x0000b75c                simple_strtol
                0x0000b778                ustrtoul
                0x0000b7dc                simple_strtoull
                0x0000b9a0                panic
                0x0000beac                vsprintf
                0x0000c848                sprintf
 .text          0x0000c868     0x34f4 lib_generic/libgeneric.a(zlib.o)
                0x0000c868                inflate_fast
                0x0000ce94                inflate_table
                0x0000d70c                inflateReset
                0x0000d760                inflateInit2_
                0x0000d810                inflateInit_
                0x0000d818                inflateEnd
                0x0000d85c                adler32
                0x0000dad8                zcfree
                0x0000dae0                zcalloc
                0x0000dae8                inflate
 .text          0x0000fd5c        0x0 lib_generic/libgeneric.a(ctype.o)
 .text          0x0000fd5c       0xd8 lib_generic/libgeneric.a(div64.o)
                0x0000fd5c                __div64_32
 .text          0x0000fe34       0x6c cpu/arm_cortexm3/m2s/libm2s.a(cpu.o)
                0x0000fe34                print_cpuinfo
 .text          0x0000fea0      0x16c lib_arm/libarm.a(bootm.o)
                0x0000fea0                do_bootm_linux
 .text          0x0001000c        0x4 lib_arm/libarm.a(cache.o)
                0x0001000c                flush_cache
 .text          0x00010010       0x28 lib_arm/libarm.a(reset.o)
                0x00010010                do_reset
 .text          0x00010038      0x1b0 drivers/mtd/spi/libspi_flash.a(spi_flash.o)
                0x00010038                spi_flash_free
                0x0001004c                spi_flash_cmd_write
                0x0001008c                spi_flash_cmd_read
                0x000100cc                spi_flash_read_common
                0x000100fc                spi_flash_cmd
                0x00010140                spi_flash_probe
 .text          0x000101e8      0x388 drivers/mtd/spi/libspi_flash.a(spansion.o)
                0x000101e8                spi_flash_probe_spansion
                0x00010454                spansion_erase
 .text          0x00010570      0x320 drivers/mtd/spi/libspi_flash.a(winbond.o)
                0x000105a4                spi_flash_probe_winbond
                0x000107c0                winbond_erase
 .text          0x00010890      0x860 drivers/net/libnet.a(m2s_eth.o)
                0x000108b0                m2s_eth_driver_init
 .text          0x000110f0      0x448 drivers/spi/libspi.a(m2s_spi.o)
                0x000110f0                spi_init
                0x000110f4                spi_claim_bus
                0x000111a4                spi_release_bus
                0x00011204                spi_xfer
                0x0001144c                spi_free_slave
                0x00011464                spi_setup_slave
 .text          0x00011538       0x58 lib_generic/libgeneric.a(strmhz.o)
                0x00011538                strmhz
 .text          0x00011590       0x2c /mnt/tmp/GIT-ALICE-RCU2/RCU2/software/linux-cortexm-1.12.0/tools/arm-2010q1/bin/../lib/gcc/arm-uclinuxeabi/4.4.1/thumb2/libgcc.a(_aeabi_uldivmod.o)
                0x00011590                __aeabi_uldivmod
 .text          0x000115bc       0x58 /mnt/tmp/GIT-ALICE-RCU2/RCU2/software/linux-cortexm-1.12.0/tools/arm-2010q1/bin/../lib/gcc/arm-uclinuxeabi/4.4.1/thumb2/libgcc.a(bpabi.o)
                0x000115bc                __gnu_uldivmod_helper
                0x000115e8                __gnu_ldivmod_helper
 .text          0x00011614        0x4 /mnt/tmp/GIT-ALICE-RCU2/RCU2/software/linux-cortexm-1.12.0/tools/arm-2010q1/bin/../lib/gcc/arm-uclinuxeabi/4.4.1/thumb2/libgcc.a(_dvmd_tls.o)
                0x00011614                __aeabi_ldiv0
                0x00011614                __aeabi_idiv0
 .text          0x00011618      0x364 /mnt/tmp/GIT-ALICE-RCU2/RCU2/software/linux-cortexm-1.12.0/tools/arm-2010q1/bin/../lib/gcc/arm-uclinuxeabi/4.4.1/thumb2/libgcc.a(_divdi3.o)
                0x00011618                __divdi3
 .text          0x0001197c      0x300 /mnt/tmp/GIT-ALICE-RCU2/RCU2/software/linux-cortexm-1.12.0/tools/arm-2010q1/bin/../lib/gcc/arm-uclinuxeabi/4.4.1/thumb2/libgcc.a(_udivdi3.o)
                0x0001197c                __udivdi3
 *fill*         0x00011c7c        0x4 00
 .text          0x00011c80      0x278 /mnt/tmp/GIT-ALICE-RCU2/RCU2/software/linux-cortexm-1.12.0/tools/arm-2010q1/bin/../lib/gcc/arm-uclinuxeabi/4.4.1/thumb2/libgcc.a(_udivsi3.o)
                0x00011c80                __udivsi3
                0x00011c80                __aeabi_uidiv
                0x00011edc                __aeabi_uidivmod
 *(.rodata*)
 .rodata        0x00011ef8       0x40 cpu/arm_cortexm3/start.o
 .rodata.str1.4
                0x00011f38       0xc0 cpu/arm_cortexm3/start.o
                                 0xc8 (size before relaxing)
 .rodata.str1.4
                0x00011ff8       0xaa cpu/arm_cortexm3/libarm_cortexm3.a(cmd_cptf.o)
                                 0xac (size before relaxing)
 *fill*         0x000120a2        0x2 00
 .rodata        0x000120a4       0x1c cpu/arm_cortexm3/m2s/libm2s.a(clock.o)
 .rodata        0x000120c0       0x40 lib_arm/libarm.a(board.o)
                0x000120c0                version_string
 .rodata.str1.4
                0x00012100       0x70 lib_arm/libarm.a(board.o)
                                 0x74 (size before relaxing)
 .rodata        0x00012170       0x80 lib_arm/libarm.a(interrupts.o)
 .rodata.str1.4
                0x000121f0      0x297 lib_arm/libarm.a(interrupts.o)
                                0x29c (size before relaxing)
 *fill*         0x00012487        0x1 00
 .rodata        0x00012488        0x8 net/libnet.a(eth.o)
 .rodata.str1.4
                0x00012490       0xd4 net/libnet.a(eth.o)
                                 0xd8 (size before relaxing)
 .rodata        0x00012564        0x8 net/libnet.a(net.o)
 .rodata.str1.4
                0x0001256c      0x245 net/libnet.a(net.o)
                                0x24c (size before relaxing)
 *fill*         0x000127b1        0x3 00
 .rodata.str1.4
                0x000127b4       0x47 net/libnet.a(rarp.o)
                                 0x48 (size before relaxing)
 *fill*         0x000127fb        0x1 00
 .rodata.str1.4
                0x000127fc      0x225 net/libnet.a(tftp.o)
                                0x270 (size before relaxing)
 *fill*         0x00012a21        0x3 00
 .rodata.str1.4
                0x00012a24      0x109 net/libnet.a(bootp.o)
                                0x14c (size before relaxing)
 *fill*         0x00012b2d        0x3 00
 .rodata        0x00012b30       0x10 drivers/serial/libserial.a(serial.o)
 .rodata.str1.4
                0x00012b40       0xb7 common/libcommon.a(cmd_bdinfo.o)
                                 0xc0 (size before relaxing)
 *fill*         0x00012bf7        0x1 00
 .rodata.str1.4
                0x00012bf8       0x99 common/libcommon.a(cmd_boot.o)
                                 0x9c (size before relaxing)
 *fill*         0x00012c91        0x3 00
 .rodata        0x00012c94       0x4c common/libcommon.a(cmd_bootm.o)
 .rodata.str1.4
                0x00012ce0      0x473 common/libcommon.a(cmd_bootm.o)
                                0x498 (size before relaxing)
 *fill*         0x00013153        0x1 00
 .rodata.str1.4
                0x00013154       0x3d common/libcommon.a(cmd_help.o)
                                 0x40 (size before relaxing)
 *fill*         0x00013191        0x3 00
 .rodata        0x00013194       0x20 common/libcommon.a(cmd_isp.o)
                0x000131b0                apb_divisors_mask
 .rodata.str1.4
                0x000131b4      0x568 common/libcommon.a(cmd_isp.o)
                                0x578 (size before relaxing)
 .rodata.str1.4
                0x0001371c      0x2ac common/libcommon.a(cmd_load.o)
                                0x2cc (size before relaxing)
 .rodata.str1.4
                0x000139c8      0x32f common/libcommon.a(cmd_mem.o)
                                0x340 (size before relaxing)
 *fill*         0x00013cf7        0x1 00
 .rodata.str1.4
                0x00013cf8      0x1a7 common/libcommon.a(cmd_net.o)
                                0x1ec (size before relaxing)
 *fill*         0x00013e9f        0x1 00
 .rodata.str1.4
                0x00013ea0      0x1cc common/libcommon.a(cmd_nvedit.o)
                                0x234 (size before relaxing)
 .rodata.str1.4
                0x0001406c      0x105 common/libcommon.a(cmd_sf.o)
                                0x160 (size before relaxing)
 *fill*         0x00014171        0x3 00
 .rodata.str1.4
                0x00014174       0x26 common/libcommon.a(cmd_version.o)
                                 0x28 (size before relaxing)
 *fill*         0x0001419a        0x2 00
 .rodata        0x0001419c       0x58 common/libcommon.a(command.o)
 .rodata.str1.4
                0x000141f4       0x6d common/libcommon.a(command.o)
                                 0x70 (size before relaxing)
 *fill*         0x00014261        0x3 00
 .rodata.str1.4
                0x00014264       0x75 common/libcommon.a(console.o)
                                 0x7c (size before relaxing)
 *fill*         0x000142d9        0x3 00
 .rodata.str1.4
                0x000142dc       0x33 common/libcommon.a(env_common.o)
                                 0x34 (size before relaxing)
 *fill*         0x0001430f        0x1 00
 .rodata.str1.4
                0x00014310       0x6a common/libcommon.a(env_sf.o)
                                 0xa0 (size before relaxing)
 *fill*         0x0001437a        0x2 00
 .rodata.str1.4
                0x0001437c      0x4ff common/libcommon.a(image.o)
                                0x588 (size before relaxing)
 *fill*         0x0001487b        0x1 00
 .rodata.str1.4
                0x0001487c       0xbd common/libcommon.a(main.o)
                                 0xe4 (size before relaxing)
 *fill*         0x00014939        0x3 00
 .rodata.str1.4
                0x0001493c      0x17a common/libcommon.a(miiphyutil.o)
                                0x180 (size before relaxing)
 *fill*         0x00014ab6        0x2 00
 .rodata.str1.4
                0x00014ab8        0x7 common/libcommon.a(stdio.o)
                                 0x20 (size before relaxing)
 *fill*         0x00014abf        0x1 00
 .rodata        0x00014ac0       0x20 common/libcommon.a(xyzModem.o)
 .rodata.str1.4
                0x00014ae0       0xf2 common/libcommon.a(xyzModem.o)
                                 0xf8 (size before relaxing)
 *fill*         0x00014bd2        0x2 00
 .rodata.str1.4
                0x00014bd4       0x40 board/emcraft/m2s-fg484-som/libm2s-fg484-som.a(board.o)
 .rodata        0x00014c14      0x200 lib_generic/libgeneric.a(crc16.o)
 .rodata        0x00014e14      0x400 lib_generic/libgeneric.a(crc32.o)
 .rodata.str1.4
                0x00015214       0x17 lib_generic/libgeneric.a(display_options.o)
                                 0x48 (size before relaxing)
 *fill*         0x0001522b        0x1 00
 .rodata.str1.4
                0x0001522c       0x8d lib_generic/libgeneric.a(gunzip.o)
                                 0x90 (size before relaxing)
 *fill*         0x000152b9        0x3 00
 .rodata        0x000152bc       0x24 lib_generic/libgeneric.a(vsprintf.o)
                0x000152cc                hex_asc
 .rodata.str1.4
                0x000152e0        0xf lib_generic/libgeneric.a(vsprintf.o)
                                 0x10 (size before relaxing)
 *fill*         0x000152ef        0x1 00
 .rodata        0x000152f0      0x9d0 lib_generic/libgeneric.a(zlib.o)
                0x00015c98                z_errmsg
 .rodata.str1.4
                0x00015cc0      0x23d lib_generic/libgeneric.a(zlib.o)
                                0x244 (size before relaxing)
 *fill*         0x00015efd        0x3 00
 .rodata.str1.4
                0x00015f00       0x64 cpu/arm_cortexm3/m2s/libm2s.a(cpu.o)
 .rodata.str1.4
                0x00015f64       0x5b lib_arm/libarm.a(bootm.o)
                                 0x70 (size before relaxing)
 *fill*         0x00015fbf        0x1 00
 .rodata.str1.4
                0x00015fc0        0xf lib_arm/libarm.a(reset.o)
                                 0x10 (size before relaxing)
 *fill*         0x00015fcf        0x1 00
 .rodata.str1.4
                0x00015fd0       0x69 drivers/mtd/spi/libspi_flash.a(spi_flash.o)
                                 0x6c (size before relaxing)
 *fill*         0x00016039        0x3 00
 .rodata.str1.4
                0x0001603c       0x6a drivers/mtd/spi/libspi_flash.a(spansion.o)
                                 0x6c (size before relaxing)
 *fill*         0x000160a6        0x2 00
 .rodata        0x000160a8       0x30 drivers/mtd/spi/libspi_flash.a(winbond.o)
 .rodata.str1.4
                0x000160d8       0xfb drivers/mtd/spi/libspi_flash.a(winbond.o)
                                 0xfc (size before relaxing)
 *fill*         0x000161d3        0x1 00
 .rodata        0x000161d4       0xa0 drivers/net/libnet.a(m2s_eth.o)
 .rodata.str1.4
                0x00016274      0x22c drivers/net/libnet.a(m2s_eth.o)
                                0x230 (size before relaxing)
 .rodata.str1.4
                0x000164a0       0x60 drivers/spi/libspi.a(m2s_spi.o)
 .rodata.str1.4
                0x00016500        0xc lib_generic/libgeneric.a(strmhz.o)

.data           0x20000000      0xe30 load address 0x0001650c
                0x20000000                _data_start = .
                0x0001650c                _data_lma_start = LOADADDR (.data)
 *(.data)
 .data          0x20000000        0x0 cpu/arm_cortexm3/start.o
 .data          0x20000000        0x0 lib_generic/libgeneric.a(string.o)
 .data          0x20000000        0x0 cpu/arm_cortexm3/libarm_cortexm3.a(cpu.o)
 .data          0x20000000        0x0 cpu/arm_cortexm3/libarm_cortexm3.a(cmd_cptf.o)
 .data          0x20000000        0x0 cpu/arm_cortexm3/libarm_cortexm3.a(timer.o)
 .data          0x20000000        0x0 cpu/arm_cortexm3/m2s/libm2s.a(clock.o)
 .data          0x20000000        0x0 cpu/arm_cortexm3/m2s/libm2s.a(envm.o)
 .data          0x20000000        0x0 cpu/arm_cortexm3/m2s/libm2s.a(soc.o)
 .data          0x20000000       0x30 lib_arm/libarm.a(board.o)
                0x20000000                init_sequence
 .data          0x20000030        0x0 lib_arm/libarm.a(interrupts.o)
 .data          0x20000030        0x0 net/libnet.a(eth.o)
 .data          0x20000030        0xc net/libnet.a(net.o)
                0x20000030                NetOurVLAN
                0x20000034                NetBcastAddr
                0x2000003a                NetOurNativeVLAN
 .data          0x2000003c        0x0 net/libnet.a(rarp.o)
 .data          0x2000003c       0x18 net/libnet.a(tftp.o)
                0x20000048                TftpRRQTimeoutCountMax
                0x20000050                TftpRRQTimeoutMSecs
 .data          0x20000054        0x0 net/libnet.a(bootp.o)
 .data          0x20000054        0x0 drivers/serial/libserial.a(serial.o)
 .data          0x20000054        0x0 drivers/serial/libserial.a(ns16550.o)
 .data          0x20000054        0x0 common/libcommon.a(cmd_bdinfo.o)
 .data          0x20000054        0x0 common/libcommon.a(cmd_boot.o)
 .data          0x20000054       0x7c common/libcommon.a(cmd_bootm.o)
                0x20000054                load_addr
                0x20000058                cmd_bootm_sub
 .data          0x200000d0        0x0 common/libcommon.a(cmd_help.o)
 .data          0x200000d0        0x8 common/libcommon.a(cmd_isp.o)
 .data          0x200000d8        0x4 common/libcommon.a(cmd_load.o)
 .data          0x200000dc        0x4 common/libcommon.a(cmd_mem.o)
                0x200000dc                dp_last_length
 .data          0x200000e0        0x0 common/libcommon.a(cmd_net.o)
 .data          0x200000e0        0x4 common/libcommon.a(cmd_nvedit.o)
 .data          0x200000e4        0x0 common/libcommon.a(cmd_sf.o)
 .data          0x200000e4        0x0 common/libcommon.a(cmd_version.o)
 .data          0x200000e4        0x0 common/libcommon.a(command.o)
 .data          0x200000e4        0x0 common/libcommon.a(console.o)
 .data          0x200000e4      0x414 common/libcommon.a(dlmalloc.o)
 .data          0x200004f8      0x2cc common/libcommon.a(env_common.o)
                0x200004f8                default_environment
 .data          0x200007c4        0x4 common/libcommon.a(env_sf.o)
                0x200007c4                env_name_spec
 .data          0x200007c8        0x0 common/libcommon.a(exports.o)
 .data          0x200007c8      0x210 common/libcommon.a(image.o)
 .data          0x200009d8       0x10 common/libcommon.a(main.o)
 .data          0x200009e8        0x0 common/libcommon.a(miiphyutil.o)
 .data          0x200009e8        0x0 common/libcommon.a(s_record.o)
 .data          0x200009e8        0xc common/libcommon.a(stdio.o)
                0x200009e8                stdio_names
 .data          0x200009f4        0x0 common/libcommon.a(xyzModem.o)
 .data          0x200009f4        0x0 board/emcraft/m2s-fg484-som/libm2s-fg484-som.a(board.o)
 .data          0x200009f4        0x0 lib_generic/libgeneric.a(crc16.o)
 .data          0x200009f4        0x0 lib_generic/libgeneric.a(crc32.o)
 .data          0x200009f4        0x0 lib_generic/libgeneric.a(display_options.o)
 .data          0x200009f4        0x0 lib_generic/libgeneric.a(gunzip.o)
 .data          0x200009f4        0x0 lib_generic/libgeneric.a(net_utils.o)
 .data          0x200009f4        0x0 lib_generic/libgeneric.a(time.o)
 .data          0x200009f4        0x0 lib_generic/libgeneric.a(vsprintf.o)
 .data          0x200009f4        0x0 lib_generic/libgeneric.a(zlib.o)
 .data          0x200009f4      0x100 lib_generic/libgeneric.a(ctype.o)
                0x200009f4                _ctype
 .data          0x20000af4        0x0 lib_generic/libgeneric.a(div64.o)
 .data          0x20000af4        0x0 cpu/arm_cortexm3/m2s/libm2s.a(cpu.o)
 .data          0x20000af4        0x0 lib_arm/libarm.a(bootm.o)
 .data          0x20000af4        0x0 lib_arm/libarm.a(cache.o)
 .data          0x20000af4        0x0 lib_arm/libarm.a(reset.o)
 .data          0x20000af4        0x0 drivers/mtd/spi/libspi_flash.a(spi_flash.o)
 .data          0x20000af4      0x100 drivers/mtd/spi/libspi_flash.a(spansion.o)
 .data          0x20000bf4        0x0 drivers/mtd/spi/libspi_flash.a(winbond.o)
 .data          0x20000bf4       0x3c drivers/net/libnet.a(m2s_eth.o)
 .data          0x20000c30        0x0 drivers/spi/libspi.a(m2s_spi.o)
 .data          0x20000c30        0x0 lib_generic/libgeneric.a(strmhz.o)
 .data          0x20000c30        0x0 /mnt/tmp/GIT-ALICE-RCU2/RCU2/software/linux-cortexm-1.12.0/tools/arm-2010q1/bin/../lib/gcc/arm-uclinuxeabi/4.4.1/thumb2/libgcc.a(_aeabi_uldivmod.o)
 .data          0x20000c30        0x0 /mnt/tmp/GIT-ALICE-RCU2/RCU2/software/linux-cortexm-1.12.0/tools/arm-2010q1/bin/../lib/gcc/arm-uclinuxeabi/4.4.1/thumb2/libgcc.a(bpabi.o)
 .data          0x20000c30        0x0 /mnt/tmp/GIT-ALICE-RCU2/RCU2/software/linux-cortexm-1.12.0/tools/arm-2010q1/bin/../lib/gcc/arm-uclinuxeabi/4.4.1/thumb2/libgcc.a(_dvmd_tls.o)
 .data          0x20000c30        0x0 /mnt/tmp/GIT-ALICE-RCU2/RCU2/software/linux-cortexm-1.12.0/tools/arm-2010q1/bin/../lib/gcc/arm-uclinuxeabi/4.4.1/thumb2/libgcc.a(_divdi3.o)
 .data          0x20000c30        0x0 /mnt/tmp/GIT-ALICE-RCU2/RCU2/software/linux-cortexm-1.12.0/tools/arm-2010q1/bin/../lib/gcc/arm-uclinuxeabi/4.4.1/thumb2/libgcc.a(_udivdi3.o)
 .data          0x20000c30        0x0 /mnt/tmp/GIT-ALICE-RCU2/RCU2/software/linux-cortexm-1.12.0/tools/arm-2010q1/bin/../lib/gcc/arm-uclinuxeabi/4.4.1/thumb2/libgcc.a(_udivsi3.o)
                0x20000c30                . = ALIGN (0x4)
 *(.ramcode)
 .ramcode       0x20000c30       0x20 cpu/arm_cortexm3/libarm_cortexm3.a(cpu.o)
                0x20000c30                reset_cpu
 .ramcode       0x20000c50       0x2c cpu/arm_cortexm3/libarm_cortexm3.a(cmd_cptf.o)
                0x20000c50                envm_write_and_reset
 .ramcode       0x20000c7c      0x1a4 cpu/arm_cortexm3/m2s/libm2s.a(envm.o)
                0x20000c7c                envm_write_page_part
                0x20000cf0                envm_write
 .ramcode.stub  0x20000e20       0x10 linker stubs
                0x20000e30                _data_end = .

.u_boot_cmd     0x0001733c      0x280
                0x0001733c                . = ALIGN (0x4)
                0x0001733c                __u_boot_cmd_start = .
 *(.u_boot_cmd)
 .u_boot_cmd    0x0001733c       0x14 cpu/arm_cortexm3/libarm_cortexm3.a(cmd_cptf.o)
                0x0001733c                __u_boot_cmd_cptf
 .u_boot_cmd    0x00017350       0x14 common/libcommon.a(cmd_bdinfo.o)
                0x00017350                __u_boot_cmd_bdinfo
 .u_boot_cmd    0x00017364       0x28 common/libcommon.a(cmd_boot.o)
                0x00017364                __u_boot_cmd_go
                0x00017378                __u_boot_cmd_reset
 .u_boot_cmd    0x0001738c       0x14 common/libcommon.a(cmd_bootm.o)
                0x0001738c                __u_boot_cmd_bootm
 .u_boot_cmd    0x000173a0       0x28 common/libcommon.a(cmd_help.o)
                0x000173a0                __u_boot_cmd_help
                0x000173b4                __u_boot_cmd_question_mark
 .u_boot_cmd    0x000173c8       0x14 common/libcommon.a(cmd_isp.o)
                0x000173c8                __u_boot_cmd_isp
 .u_boot_cmd    0x000173dc       0x3c common/libcommon.a(cmd_load.o)
                0x000173dc                __u_boot_cmd_loads
                0x000173f0                __u_boot_cmd_loadb
                0x00017404                __u_boot_cmd_loady
 .u_boot_cmd    0x00017418       0xc8 common/libcommon.a(cmd_mem.o)
                0x00017418                __u_boot_cmd_md
                0x0001742c                __u_boot_cmd_mm
                0x00017440                __u_boot_cmd_nm
                0x00017454                __u_boot_cmd_mw
                0x00017468                __u_boot_cmd_cp
                0x0001747c                __u_boot_cmd_cmp
                0x00017490                __u_boot_cmd_crc32
                0x000174a4                __u_boot_cmd_base
                0x000174b8                __u_boot_cmd_loop
                0x000174cc                __u_boot_cmd_mtest
 .u_boot_cmd    0x000174e0       0x64 common/libcommon.a(cmd_net.o)
                0x000174e0                __u_boot_cmd_bootp
                0x000174f4                __u_boot_cmd_tftpboot
                0x00017508                __u_boot_cmd_rarpboot
                0x0001751c                __u_boot_cmd_dhcp
                0x00017530                __u_boot_cmd_ping
 .u_boot_cmd    0x00017544       0x50 common/libcommon.a(cmd_nvedit.o)
                0x00017544                __u_boot_cmd_saveenv
                0x00017558                __u_boot_cmd_printenv
                0x0001756c                __u_boot_cmd_setenv
                0x00017580                __u_boot_cmd_run
 .u_boot_cmd    0x00017594       0x14 common/libcommon.a(cmd_sf.o)
                0x00017594                __u_boot_cmd_sf
 .u_boot_cmd    0x000175a8       0x14 common/libcommon.a(cmd_version.o)
                0x000175a8                __u_boot_cmd_version
                0x000175bc                __u_boot_cmd_end = .

.bss            0x20000e30     0x25e0
                0x20000e30                _bss_start = .
 *(.bss)
 .bss           0x20000e30        0x4 cpu/arm_cortexm3/start.o
                0x20000e30                _armboot_start
 .bss           0x20000e34        0x4 lib_generic/libgeneric.a(string.o)
                0x20000e34                ___strtok
 .bss           0x20000e38        0x0 cpu/arm_cortexm3/libarm_cortexm3.a(cpu.o)
 .bss           0x20000e38        0x0 cpu/arm_cortexm3/libarm_cortexm3.a(cmd_cptf.o)
 .bss           0x20000e38       0x10 cpu/arm_cortexm3/libarm_cortexm3.a(timer.o)
 .bss           0x20000e48       0x18 cpu/arm_cortexm3/m2s/libm2s.a(clock.o)
 .bss           0x20000e60        0x0 cpu/arm_cortexm3/m2s/libm2s.a(envm.o)
 .bss           0x20000e60        0x0 cpu/arm_cortexm3/m2s/libm2s.a(soc.o)
 .bss           0x20000e60        0x4 lib_arm/libarm.a(board.o)
                0x20000e60                monitor_flash_len
 .bss           0x20000e64        0x0 lib_arm/libarm.a(interrupts.o)
 .bss           0x20000e64       0x14 net/libnet.a(eth.o)
 .bss           0x20000e78     0x13d8 net/libnet.a(net.o)
                0x20000e78                NetState
                0x20000e80                NetOurEther
                0x20000e88                NetTxPacket
                0x20000e8c                NetOurIP
                0x20000e90                NetArpWaitPacketIP
                0x20000e94                NetOurSubnetMask
                0x20000e98                NetOurGatewayIP
                0x20000e9c                NetArpWaitReplyIP
                0x20000eb4                NetRestartWrap
                0x20000ebc                NetArpWaitTimerStart
                0x20000ec0                NetArpWaitTry
                0x20000ec4                NetPingIP
                0x20000ec8                NetIPID
                0x20000ecc                NetEtherNullAddr
                0x20000ed4                NetArpWaitPacketMAC
                0x20000ed8                NetArpWaitTxPacket
                0x20000edc                NetArpWaitTxPacketSize
                0x20000ee8                PktBuf
                0x20001b08                NetRxPackets
                0x20001b0c                NetArpWaitPacketBuf
                0x20002130                NetServerIP
                0x20002134                NetBootFileXferSize
                0x20002138                NetRxPacket
                0x2000213c                NetRxPacketLen
                0x20002140                NetServerEther
                0x20002148                NetOurDNSIP
                0x2000214c                NetOurNISDomain
                0x2000216c                NetOurHostName
                0x2000218c                NetOurRootPath
                0x200021cc                NetBootFileSize
                0x200021d0                BootFile
 .bss           0x20002250        0x4 net/libnet.a(rarp.o)
                0x20002250                RarpTry
 .bss           0x20002254       0xb4 net/libnet.a(tftp.o)
 .bss           0x20002308       0x14 net/libnet.a(bootp.o)
                0x20002308                dhcp_state
                0x2000230c                BootpTry
                0x20002310                BootpID
                0x20002314                dhcp_leasetime
                0x20002318                NetDHCPServerIP
 .bss           0x2000231c        0x0 drivers/serial/libserial.a(serial.o)
 .bss           0x2000231c        0x0 drivers/serial/libserial.a(ns16550.o)
 .bss           0x2000231c        0x0 common/libcommon.a(cmd_bdinfo.o)
 .bss           0x2000231c        0x0 common/libcommon.a(cmd_boot.o)
 .bss           0x2000231c       0x8c common/libcommon.a(cmd_bootm.o)
 .bss           0x200023a8        0x0 common/libcommon.a(cmd_help.o)
 .bss           0x200023a8      0x158 common/libcommon.a(cmd_isp.o)
 .bss           0x20002500       0x60 common/libcommon.a(cmd_load.o)
                0x20002510                os_data_init
                0x20002520                os_data_char
                0x20002524                his_quote
                0x20002528                his_pad_count
                0x2000252c                his_pad_char
                0x2000252d                his_eol
                0x20002530                send_ptr
                0x20002534                send_parms
 .bss           0x20002560       0x14 common/libcommon.a(cmd_mem.o)
                0x20002564                mm_last_addr
                0x20002568                mm_last_size
                0x2000256c                dp_last_addr
                0x20002570                dp_last_size
 .bss           0x20002574        0x0 common/libcommon.a(cmd_net.o)
 .bss           0x20002574        0x0 common/libcommon.a(cmd_nvedit.o)
 .bss           0x20002574        0x4 common/libcommon.a(cmd_sf.o)
 .bss           0x20002578        0x0 common/libcommon.a(cmd_version.o)
 .bss           0x20002578        0x0 common/libcommon.a(command.o)
 .bss           0x20002578        0x8 common/libcommon.a(console.o)
 .bss           0x20002580       0x44 common/libcommon.a(dlmalloc.o)
                0x20002580                mem_malloc_brk
                0x20002584                mem_malloc_start
                0x20002588                mem_malloc_end
 .bss           0x200025c4        0x0 common/libcommon.a(env_common.o)
 .bss           0x200025c4        0x8 common/libcommon.a(env_sf.o)
                0x200025c8                env_ptr
 .bss           0x200025cc        0x0 common/libcommon.a(exports.o)
 .bss           0x200025cc        0x0 common/libcommon.a(image.o)
 .bss           0x200025cc      0x200 common/libcommon.a(main.o)
                0x200025cc                console_buffer
 .bss           0x200027cc        0xc common/libcommon.a(miiphyutil.o)
 .bss           0x200027d8        0x0 common/libcommon.a(s_record.o)
 .bss           0x200027d8       0x48 common/libcommon.a(stdio.o)
                0x20002814                stdio_devices
 .bss           0x20002820      0x43c common/libcommon.a(xyzModem.o)
 .bss           0x20002c5c        0x0 board/emcraft/m2s-fg484-som/libm2s-fg484-som.a(board.o)
 .bss           0x20002c5c        0x0 lib_generic/libgeneric.a(crc16.o)
 .bss           0x20002c5c        0x0 lib_generic/libgeneric.a(crc32.o)
 .bss           0x20002c5c        0x0 lib_generic/libgeneric.a(display_options.o)
 .bss           0x20002c5c        0x0 lib_generic/libgeneric.a(gunzip.o)
 .bss           0x20002c5c        0x0 lib_generic/libgeneric.a(net_utils.o)
 .bss           0x20002c5c        0x0 lib_generic/libgeneric.a(time.o)
 .bss           0x20002c5c        0x0 lib_generic/libgeneric.a(vsprintf.o)
 .bss           0x20002c5c        0x0 lib_generic/libgeneric.a(zlib.o)
 .bss           0x20002c5c        0x0 lib_generic/libgeneric.a(ctype.o)
 .bss           0x20002c5c        0x0 lib_generic/libgeneric.a(div64.o)
 .bss           0x20002c5c        0x0 cpu/arm_cortexm3/m2s/libm2s.a(cpu.o)
 .bss           0x20002c5c        0x4 lib_arm/libarm.a(bootm.o)
 .bss           0x20002c60        0x0 lib_arm/libarm.a(cache.o)
 .bss           0x20002c60        0x0 lib_arm/libarm.a(reset.o)
 .bss           0x20002c60        0x0 drivers/mtd/spi/libspi_flash.a(spi_flash.o)
 .bss           0x20002c60        0x0 drivers/mtd/spi/libspi_flash.a(spansion.o)
 .bss           0x20002c60        0x0 drivers/mtd/spi/libspi_flash.a(winbond.o)
 .bss           0x20002c60      0x620 drivers/net/libnet.a(m2s_eth.o)
 .bss           0x20003280      0x190 drivers/spi/libspi.a(m2s_spi.o)
 .bss           0x20003410        0x0 lib_generic/libgeneric.a(strmhz.o)
 .bss           0x20003410        0x0 /mnt/tmp/GIT-ALICE-RCU2/RCU2/software/linux-cortexm-1.12.0/tools/arm-2010q1/bin/../lib/gcc/arm-uclinuxeabi/4.4.1/thumb2/libgcc.a(_aeabi_uldivmod.o)
 .bss           0x20003410        0x0 /mnt/tmp/GIT-ALICE-RCU2/RCU2/software/linux-cortexm-1.12.0/tools/arm-2010q1/bin/../lib/gcc/arm-uclinuxeabi/4.4.1/thumb2/libgcc.a(bpabi.o)
 .bss           0x20003410        0x0 /mnt/tmp/GIT-ALICE-RCU2/RCU2/software/linux-cortexm-1.12.0/tools/arm-2010q1/bin/../lib/gcc/arm-uclinuxeabi/4.4.1/thumb2/libgcc.a(_dvmd_tls.o)
 .bss           0x20003410        0x0 /mnt/tmp/GIT-ALICE-RCU2/RCU2/software/linux-cortexm-1.12.0/tools/arm-2010q1/bin/../lib/gcc/arm-uclinuxeabi/4.4.1/thumb2/libgcc.a(_divdi3.o)
 .bss           0x20003410        0x0 /mnt/tmp/GIT-ALICE-RCU2/RCU2/software/linux-cortexm-1.12.0/tools/arm-2010q1/bin/../lib/gcc/arm-uclinuxeabi/4.4.1/thumb2/libgcc.a(_udivdi3.o)
 .bss           0x20003410        0x0 /mnt/tmp/GIT-ALICE-RCU2/RCU2/software/linux-cortexm-1.12.0/tools/arm-2010q1/bin/../lib/gcc/arm-uclinuxeabi/4.4.1/thumb2/libgcc.a(_udivsi3.o)
 *(COMMON)
                0x20003410                _bss_end = .

.stack
 *(.stack)

/DISCARD/
 *(*)
                0x00000000                _mem_nvm_base = 0x0
                0x00040000                _mem_nvm_size = 0x40000
                0x20000000                _mem_ram_base = 0x20000000
                0x00004000                _mem_ram_size = 0x4000
                0x20004000                _mem_ram_buf_base = 0x20004000
                0x00006000                _mem_ram_buf_size = 0x6000
                0x2000a000                _mem_malloc_base = 0x2000a000
                0x00005000                _mem_malloc_size = 0x5000
                0x2000f000                _mem_stack_base = 0x2000f000
                0x00001000                _mem_stack_size = 0x1000
                0x20010000                _mem_stack_end = 0x20010000
LOAD cpu/arm_cortexm3/start.o
START GROUP
LOAD lib_generic/libgeneric.a
LOAD lib_generic/lzma/liblzma.a
LOAD lib_generic/lzo/liblzo.a
LOAD cpu/arm_cortexm3/libarm_cortexm3.a
LOAD cpu/arm_cortexm3/m2s/libm2s.a
LOAD lib_arm/libarm.a
LOAD fs/cramfs/libcramfs.a
LOAD fs/fat/libfat.a
LOAD fs/fdos/libfdos.a
LOAD fs/jffs2/libjffs2.a
LOAD fs/reiserfs/libreiserfs.a
LOAD fs/ext2/libext2fs.a
LOAD fs/yaffs2/libyaffs2.a
LOAD fs/ubifs/libubifs.a
LOAD net/libnet.a
LOAD disk/libdisk.a
LOAD drivers/bios_emulator/libatibiosemu.a
LOAD drivers/block/libblock.a
LOAD drivers/dma/libdma.a
LOAD drivers/fpga/libfpga.a
LOAD drivers/gpio/libgpio.a
LOAD drivers/hwmon/libhwmon.a
LOAD drivers/i2c/libi2c.a
LOAD drivers/input/libinput.a
LOAD drivers/misc/libmisc.a
LOAD drivers/mmc/libmmc.a
LOAD drivers/mtd/libmtd.a
LOAD drivers/mtd/nand/libnand.a
LOAD drivers/mtd/onenand/libonenand.a
LOAD drivers/mtd/ubi/libubi.a
LOAD drivers/mtd/spi/libspi_flash.a
LOAD drivers/net/libnet.a
LOAD drivers/net/phy/libphy.a
LOAD drivers/pci/libpci.a
LOAD drivers/pcmcia/libpcmcia.a
LOAD drivers/power/libpower.a
LOAD drivers/spi/libspi.a
LOAD drivers/rtc/librtc.a
LOAD drivers/serial/libserial.a
LOAD drivers/twserial/libtws.a
LOAD drivers/usb/gadget/libusb_gadget.a
LOAD drivers/usb/host/libusb_host.a
LOAD drivers/usb/musb/libusb_musb.a
LOAD drivers/usb/phy/libusb_phy.a
LOAD drivers/video/libvideo.a
LOAD drivers/watchdog/libwatchdog.a
LOAD common/libcommon.a
LOAD libfdt/libfdt.a
LOAD api/libapi.a
LOAD post/libpost.a
LOAD board/emcraft/m2s-fg484-som/libm2s-fg484-som.a
END GROUP
LOAD /mnt/tmp/GIT-ALICE-RCU2/RCU2/software/linux-cortexm-1.12.0/tools/arm-2010q1/bin/../lib/gcc/arm-uclinuxeabi/4.4.1/thumb2/libgcc.a
OUTPUT(u-boot elf32-littlearm)
